; Read case file.
/file/read-case "case.cas.h5"

; Set air density to ideal gas.
/define/materials/change-create air air yes ideal-gas no no no no no no

; Enable energy equation.
/define/models/energy yes yes yes

; Set turbulence model to Komega SST.
/define/models/viscous kw-sst yes

; Define boundary conditions (angle of attack, mach number).
/define/boundary-conditions/pressure-far-field farfield no 0 no {mach} no 273.15 yes no {flow_vector_x} no {flow_vector_y} no 0 no no yes 5 10
/define/boundary-conditions/pressure-far-field inlet no 0 no {mach} no 273.15 yes no {flow_vector_x} no {flow_vector_y} no 0 no no yes 5 10
/define/boundary-conditions/pressure-far-field outlet no 0 no {mach} no 273.15 yes no {flow_vector_x} no {flow_vector_y} no 0 no no yes 5 10

; Make wall stationary and no slip.
/define/boundary-conditions/wall launchvehicle 0 no 0 no yes heat-flux no 0 no yes motion-bc-stationary yes shear-bc-noslip yes rough-bc-standard no 0 no 0.5 no 1

; Make all methods second order.
/solve/set/discretization-scheme/pressure 12
/solve/set/discretization-scheme/density 1
/solve/set/discretization-scheme/mom 1
/solve/set/discretization-scheme/k 1
/solve/set/discretization-scheme/omega 1
/solve/set/discretization-scheme/temperature 1

; Create axial force report definition.
/solve/report-definitions/add axial-report force force-vector 1 0 0 thread-names launchvehicle , q
/solve/report-files/add axial-report-file report-defs axial-report , file-name "axial.out" q
/solve/report-plots/add axial-report-plot report-defs axial-report , active yes q

; Create normal force report definition.
/solve/report-definitions/add normal-report force force-vector 0 1 0 thread-names launchvehicle , q
/solve/report-files/add normal-report-file report-defs normal-report , file-name "normal.out" q
/solve/report-plots/add normal-report-plot report-defs normal-report , active yes q

; Disable convergence checks.
/solve/monitors/residual/check-convergence no no no no no no no

; Solve with many iterations.
/solve/initialize/hyb-initialization
/solve/iterate {iterations}
